---
source: src/templating/parser.rs
expression: "parse_document(\"foo /* {< test\\ntest >} */\")"
snapshot_kind: text
---
Ok(
    [
        Inline {
            line: TaggedLine {
                left: "foo /* ",
                tag: "{< test\ntest >}",
                right: " */",
                full_line: [0..25]"foo /* {< test\ntest >} */",
            },
            expr: [10..20]"test\ntest ",
            is_if: false,
        },
    ],
)
