---
source: src/templating/parser.rs
expression: "p_inline_element.parse(new_input(\"foo /* {< test >} */\"))"
snapshot_kind: text
---
Ok(
    Inline {
        line: TaggedLine {
            left: "foo /* ",
            tag: "{< test >}",
            right: " */",
            full_line: [0..20]"foo /* {< test >} */",
        },
        expr: [10..15]"test ",
        is_if: false,
    },
)
