---
source: src/templating/parser.rs
expression: "render_error(parse_document(\"{<foo\\nbar>}\").unwrap_err())"
snapshot_kind: text
---
  × Failed to parse yolk template file

Error: 
  × Failed to parse tag
   ╭─[file:1:1]
 1 │ {<foo
   · ──┬──
   ·   ╰── tag
 2 │ bar>}
   ╰────
  help: Line endings are forbidden within tags
